Nothing to build in platform 'multiply_wrapper'

08:46:32 **** Incremental Build of configuration Debug for project multiply_test ****
make all 
make --no-print-directory pre-build
a9-linaro-pre-build-step
 
make --no-print-directory main-build
Building file: ../src/helloworld.c
Invoking: ARM v7 gcc compiler
arm-none-eabi-gcc -Wall -O0 -g3 -c -fmessage-length=0 -MT"src/helloworld.o" -mcpu=cortex-a9 -mfpu=vfpv3 -mfloat-abi=hard -I/home/ugrads/c/cedarmaxwell/Documents/ECEN449/lab3/multiply_wrapper/export/multiply_wrapper/sw/multiply_wrapper/standalone_ps7_cortexa9_0/bspinclude/include -MMD -MP -MF"src/helloworld.d" -MT"src/helloworld.o" -o "src/helloworld.o" "../src/helloworld.c"
Finished building: ../src/helloworld.c
 
Building target: multiply_test.elf
Invoking: ARM v7 gcc linker
arm-none-eabi-gcc -mcpu=cortex-a9 -mfpu=vfpv3 -mfloat-abi=hard -Wl,-build-id=none -specs=Xilinx.spec -Wl,-T -Wl,../src/lscript.ld -L/home/ugrads/c/cedarmaxwell/Documents/ECEN449/lab3/multiply_wrapper/export/multiply_wrapper/sw/multiply_wrapper/standalone_ps7_cortexa9_0/bsplib/lib -o "multiply_test.elf"  ./src/helloworld.o ./src/platform.o   -Wl,--start-group,-lxil,-lgcc,-lc,--end-group
Finished building target: multiply_test.elf
 
Invoking: ARM v7 Print Size
arm-none-eabi-size multiply_test.elf  |tee "multiply_test.elf.size"
   text	   data	    bss	    dec	    hex	filename
  50099	   2548	  22632	  75279	  1260f	multiply_test.elf
Finished building: multiply_test.elf.size
 
08:46:33 **** Incremental Build of configuration Debug for project multiply_test_system ****
make all 
Generating bif file for the system project
Executing command '::scw::generate_bif -xpfm /home/ugrads/c/cedarmaxwell/Documents/ECEN449/lab3/multiply_wrapper/export/multiply_wrapper/multiply_wrapper.xpfm -domains standalone_ps7_cortexa9_0 -bifpath /home/ugrads/c/cedarmaxwell/Documents/ECEN449/lab3/multiply_test_system/Debug/system.bif' on XSCT
sdcard_gen --xpfm /home/ugrads/c/cedarmaxwell/Documents/ECEN449/lab3/multiply_wrapper/export/multiply_wrapper/multiply_wrapper.xpfm --sys_config multiply_wrapper --bif /home/ugrads/c/cedarmaxwell/Documents/ECEN449/lab3/multiply_test_system/Debug/system.bif --bitstream /home/ugrads/c/cedarmaxwell/Documents/ECEN449/lab3/multiply_test/_ide/bitstream/multiply_wrapper.bit --elf /home/ugrads/c/cedarmaxwell/Documents/ECEN449/lab3/multiply_test/Debug/multiply_test.elf,ps7_cortexa9_0
creating BOOT.BIN using /home/ugrads/c/cedarmaxwell/Documents/ECEN449/lab3/multiply_test/_ide/bitstream/multiply_wrapper.bit
Running /opt/coe/Xilinx/Vitis/2022.1/bin/bootgen  -image /home/ugrads/c/cedarmaxwell/Documents/ECEN449/lab3/multiply_test_system/Debug/sd_card_temp/boot.bif -w -o i BOOT.BIN
