#-----------------------------------------------------------
# Vivado v2022.1 (64-bit)
# SW Build 3526262 on Mon Apr 18 15:47:01 MDT 2022
# IP Build 3524634 on Mon Apr 18 20:55:01 MDT 2022
# Start of session at: Fri Sep 29 09:54:52 2023
# Process ID: 30588
# Current directory: /home/ugrads/c/cedarmaxwell/Documents/ECEN449/lab3/lab3.runs/multiply_rst_ps7_0_100M_0_synth_1
# Command line: vivado -log multiply_rst_ps7_0_100M_0.vds -product Vivado -mode batch -messageDb vivado.pb -notrace -source multiply_rst_ps7_0_100M_0.tcl
# Log file: /home/ugrads/c/cedarmaxwell/Documents/ECEN449/lab3/lab3.runs/multiply_rst_ps7_0_100M_0_synth_1/multiply_rst_ps7_0_100M_0.vds
# Journal file: /home/ugrads/c/cedarmaxwell/Documents/ECEN449/lab3/lab3.runs/multiply_rst_ps7_0_100M_0_synth_1/vivado.jou
# Running On: zach-333-em4-13.engr.tamu.edu, OS: Linux, CPU Frequency: 3599.865 MHz, CPU Physical cores: 4, Host memory: 16539 MB
#-----------------------------------------------------------
source multiply_rst_ps7_0_100M_0.tcl -notrace
